Γû▓ Next.js 16.1.6 (Turbopack)

  Creating an optimized production build ...
Γ£ô Compiled successfully in 3.6s
  Running TypeScript ...
  Collecting page data using 15 workers ...
  Generating static pages using 15 workers (0/6) ...
  Generating static pages using 15 workers (1/6) 
  Generating static pages using 15 workers (2/6) 
  Generating static pages using 15 workers (4/6) 
Γ£ô Generating static pages using 15 workers (6/6) in 499.4ms
  Finalizing page optimization ...

Route (app)
Γöî Γùï /
Γö£ Γùï /_not-found
Γö£ Γùï /gallery
Γöö Γùï /timeline


Γùï  (Static)  prerendered as static content

