
> temporary_app@0.1.0 build
> next build

Γû▓ Next.js 16.1.6 (Turbopack)

  Creating an optimized production build ...
Γ£ô Compiled successfully in 3.1s
  Running TypeScript ...
node.exe : Failed to 
compile.
At C:\Program Files\nod
ejs\npm.ps1:29 char:3
+   & $NODE_EXE 
$NPM_CLI_JS $args
+   ~~~~~~~~~~~~~~~~~~~
~~~~~~~~~~
    + CategoryInfo     
         : NotSpecifi  
  ed: (Failed to com   
 pile.:String) [],     
RemoteException
    + FullyQualifiedEr 
   rorId : NativeComm  
  andError
 

./src/components/ui/inv
erted-cursor.tsx:10:24
Type error: Expected 1 
arguments, but got 0.

[0m [90m  8 |[39m 
[36mexport[39m 
[36mconst[39m [33mCu
rsor[39m[33m:[39m [
33mReact[39m[33m.[39
m[33mFC[39m[33m<[39
m[33mCursorProps[39m
[33m>[39m [33m=[39m 
({ size [33m=[39m 
[35m60[39m }) 
[33m=>[39m {
 [90m  9 |[39m     
[36mconst[39m 
cursorRef [33m=[39m u
seRef[33m<[39m[33mHT
MLDivElement[39m[33m>
[39m([36mnull[39m)[
33m;[39m
[31m[1m>[22m[39m[9
0m 10 |[39m     
[36mconst[39m 
requestRef [33m=[39m 
useRef[33m<[39m[33mn
umber[39m[33m>[39m()
[33m;[39m
 [90m    |[39m       
                 
[31m[1m^[22m[39m
 [90m 11 |[39m     
[36mconst[39m 
previousPos 
[33m=[39m useRef({ 
x[33m:[39m [33m-[39
msize[33m,[39m 
y[33m:[39m 
[33m-[39msize 
})[33m;[39m [90m// 
start off-screen[39m
 [90m 12 |[39m
 [90m 13 |[39m     
[36mconst[39m 
[visible[33m,[39m 
setVisible] 
[33m=[39m useState([
36mfalse[39m)[33m;[3
9m[0m
Next.js build worker 
exited with code: 1 
and signal: null
